msgid ""
msgstr ""

msgid ""
"this comes\n"
"on a new line"
msgstr "yup"

msgid "come to \"quote\" me"
msgstr "sure?"

msgid "\x1a%\r\t\v\a\b"
msgstr "yup"
